// Jest Snapshot v1, https://goo.gl/fbAQLP

exports[`The <Checkbox /> component Should render the label and checkbox the user will see 1`] = `
<DocumentFragment>
  <div
    class="sc-bdnylx"
    data-testid="Checkbox"
  >
    <input
      class="sc-hKFyIo cqtmJr"
      id="TEST_CHECKBOX_ID"
      type="checkbox"
    />
    <label
      class="sc-dlnjPT iMZIHZ"
      for="TEST_CHECKBOX_ID"
    >
      <span
        class="sc-gtssRu SzCNg"
      >
        TEST_CHECKBOX_LABEL
      </span>
    </label>
  </div>
</DocumentFragment>
`;
